-rwxr-xr-x  0 0      0    94582912 Nov 10  2009 usr/bin/ts-release-acceptance
loading packages...
resolving dependencies...
looking for conflicting packages...

Package (1)            New Version  Net Change

ts-release-acceptance  1.0.0-1       90.20 MiB

Total Installed Size:  90.20 MiB

:: Proceed with installation? [Y/n] 
checking keyring...
checking package integrity...
loading package files...
checking for file conflicts...
:: Processing package changes...
installing ts-release-acceptance...
:: Running post-transaction hooks...
(1/1) Arming ConditionNeedsUpdate...
checking dependencies...

Package (1)            Old Version  Net Change

ts-release-acceptance  1.0.0-1      -90.20 MiB

Total Removed Size:  90.20 MiB

:: Do you want to remove these packages? [Y/n] 
:: Processing package changes...
removing ts-release-acceptance...
:: Running post-transaction hooks...
(1/1) Arming ConditionNeedsUpdate...
ts-release/archlinux:passed
warning: database file for 'core' does not exist (use '-Sy' to download)
warning: database file for 'extra' does not exist (use '-Sy' to download)
warning: database file for 'core' does not exist (use '-Sy' to download)
warning: database file for 'extra' does not exist (use '-Sy' to download)
warning: database file for 'core' does not exist (use '-Sy' to download)
warning: database file for 'extra' does not exist (use '-Sy' to download)
