{
  "baseline": 22971,
  "ceiling": 11485,
  "wave": "W03",
  "replacementTripwire": 4500,
  "counts": {
    "product": 12740,
    "unchangedLegacy": 6939,
    "replacement": 5801,
    "metadata": 522,
    "productData": 789,
    "productDataBytes": 15973,
    "tests": 36858,
    "fixtureText": 5272,
    "fixtureBinaryBytes": 727372,
    "generatedDelivery": 678,
    "tooling": 44531
  },
  "planningTripwirePassed": false,
  "planningVarianceAccepted": true,
  "replacementSha256": "f5536893f78c5a7c956c811800a0c87d945a7948bcff6648a294bfcc0f18b0ca",
  "achievedReduction": false,
  "productAndDataLines": 13529
}
