$ bun tools/architecture-lab/verify.mjs && bun tools/architecture-lab/project.ts --check && bun scripts/check-architecture-ancestry.ts && bun scripts/check-migration-execution.ts && bun scripts/check-architecture-budget.ts --accept-recorded-planning-variance
{"integrity":"verified","selected":69,"propositions":226,"obligations":"16/14/25/9/6/9","mode":"check","files":257,"productionAcceptance":false}
{
  "status": "checked-proposal",
  "selectedTopology": "T3c",
  "alternatives": [
    "T1",
    "T2",
    "T3",
    "T3c"
  ],
  "logicalSurfaces": 15,
  "publicSymbols": 278,
  "resolvedSuccessors": 29,
  "modulesPerAlternative": 79
}

Ancestry verified: PR21 included; PR22 and overlay remain evidence donors
{"wave":"W01","retiredFiles":51,"deletedLines":10318,"nativeCarryForwardOpen":["W04","W05","W06","W08","W09","W10"]}
{"wave":"W02","retiredFiles":1,"deletedLines":525,"nativeCarryForwardOpen":[]}
{"wave":"W03","retiredFiles":2,"deletedLines":494,"nativeCarryForwardOpen":[]}
{
  "baseline": 22971,
  "ceiling": 11485,
  "wave": "W03",
  "replacementTripwire": 4500,
  "counts": {
    "product": 12740,
    "unchangedLegacy": 6939,
    "replacement": 5801,
    "metadata": 522,
    "productData": 789,
    "productDataBytes": 15973,
    "tests": 36858,
    "fixtureText": 5272,
    "fixtureBinaryBytes": 727372,
    "generatedDelivery": 678,
    "tooling": 44531
  },
  "planningTripwirePassed": false,
  "planningVarianceAccepted": true,
  "replacementSha256": "f5536893f78c5a7c956c811800a0c87d945a7948bcff6648a294bfcc0f18b0ca",
  "achievedReduction": false,
  "productAndDataLines": 13529
}
