{
  "work": "/tmp/ts-release-packed-npm-csbNfk",
  "archives": [
    {
      "owner": "ts-release",
      "archive": "/tmp/ts-release-packed-npm-csbNfk/ts-release.tgz",
      "sha256": "a9881ec5111aba31dc83773b9b998e6aa3749a3ec30463df241e34bf16f070a3"
    },
    {
      "owner": "npm",
      "archive": "/tmp/ts-release-packed-npm-csbNfk/npm.tgz",
      "sha256": "053bf834521a5e63d4606a844ba58e53d18b552d6c896a6a11cea59da7cac335"
    },
    {
      "owner": "pypi",
      "archive": "/tmp/ts-release-packed-npm-csbNfk/pypi.tgz",
      "sha256": "48d8b8d9a6f24399047d244cc539c40da411722e7178b963c99fc91869f56282"
    }
  ],
  "outcomes": [
    {
      "manager": "bun",
      "strictDeclarations": true,
      "exactArchiveFiles": true,
      "optionalPeersAbsent": true,
      "runtimes": [
        {
          "runtime": "v22.22.2",
          "bun": null,
          "sends": 1,
          "events": 4,
          "outcome": "Satisfied",
          "package": "@fixture/packed-npm",
          "exports": [
            "Authorization",
            "DistTagIntent",
            "GitHubActionsProvenance",
            "NoProvenance",
            "PackageCandidate",
            "PackageMetadata",
            "PrivatePackage",
            "Provenance",
            "ProvenanceSource",
            "PublicPackage",
            "PublishIntent",
            "TokenAuthorization",
            "TrustedAuthorization",
            "author",
            "authorizeToken",
            "authorizeTrusted",
            "createProvenance",
            "definitions",
            "distTag",
            "inspectTarball",
            "makeSigstoreAttester",
            "makeSigstoreVerifier",
            "publish"
          ]
        },
        {
          "runtime": "v22.22.2",
          "bun": null,
          "sends": 1,
          "events": 4,
          "outcome": "Satisfied",
          "package": "@mannyc1/ts-release",
          "exports": [
            "Authorization",
            "DistTagIntent",
            "GitHubActionsProvenance",
            "NoProvenance",
            "PackageCandidate",
            "PackageMetadata",
            "PrivatePackage",
            "Provenance",
            "ProvenanceSource",
            "PublicPackage",
            "PublishIntent",
            "TokenAuthorization",
            "TrustedAuthorization",
            "author",
            "authorizeToken",
            "authorizeTrusted",
            "createProvenance",
            "definitions",
            "distTag",
            "inspectTarball",
            "makeSigstoreAttester",
            "makeSigstoreVerifier",
            "publish"
          ]
        },
        {
          "runtime": "v22.22.2",
          "bun": null,
          "sends": 1,
          "events": 4,
          "outcome": "Satisfied",
          "package": "@mannyc1/ts-release-npm",
          "exports": [
            "Authorization",
            "DistTagIntent",
            "GitHubActionsProvenance",
            "NoProvenance",
            "PackageCandidate",
            "PackageMetadata",
            "PrivatePackage",
            "Provenance",
            "ProvenanceSource",
            "PublicPackage",
            "PublishIntent",
            "TokenAuthorization",
            "TrustedAuthorization",
            "author",
            "authorizeToken",
            "authorizeTrusted",
            "createProvenance",
            "definitions",
            "distTag",
            "inspectTarball",
            "makeSigstoreAttester",
            "makeSigstoreVerifier",
            "publish"
          ]
        },
        {
          "runtime": "v22.22.2",
          "bun": null,
          "sends": 1,
          "events": 4,
          "outcome": "Satisfied",
          "package": "@mannyc1/ts-release-pypi",
          "exports": [
            "Authorization",
            "DistTagIntent",
            "GitHubActionsProvenance",
            "NoProvenance",
            "PackageCandidate",
            "PackageMetadata",
            "PrivatePackage",
            "Provenance",
            "ProvenanceSource",
            "PublicPackage",
            "PublishIntent",
            "TokenAuthorization",
            "TrustedAuthorization",
            "author",
            "authorizeToken",
            "authorizeTrusted",
            "createProvenance",
            "definitions",
            "distTag",
            "inspectTarball",
            "makeSigstoreAttester",
            "makeSigstoreVerifier",
            "publish"
          ]
        },
        {
          "runtime": "v24.3.0",
          "bun": "1.3.14",
          "sends": 1,
          "events": 4,
          "outcome": "Satisfied",
          "package": "@fixture/packed-npm",
          "exports": [
            "Authorization",
            "DistTagIntent",
            "GitHubActionsProvenance",
            "NoProvenance",
            "PackageCandidate",
            "PackageMetadata",
            "PrivatePackage",
            "Provenance",
            "ProvenanceSource",
            "PublicPackage",
            "PublishIntent",
            "TokenAuthorization",
            "TrustedAuthorization",
            "author",
            "authorizeToken",
            "authorizeTrusted",
            "createProvenance",
            "definitions",
            "distTag",
            "inspectTarball",
            "makeSigstoreAttester",
            "makeSigstoreVerifier",
            "publish"
          ]
        },
        {
          "runtime": "v24.3.0",
          "bun": "1.3.14",
          "sends": 1,
          "events": 4,
          "outcome": "Satisfied",
          "package": "@mannyc1/ts-release",
          "exports": [
            "Authorization",
            "DistTagIntent",
            "GitHubActionsProvenance",
            "NoProvenance",
            "PackageCandidate",
            "PackageMetadata",
            "PrivatePackage",
            "Provenance",
            "ProvenanceSource",
            "PublicPackage",
            "PublishIntent",
            "TokenAuthorization",
            "TrustedAuthorization",
            "author",
            "authorizeToken",
            "authorizeTrusted",
            "createProvenance",
            "definitions",
            "distTag",
            "inspectTarball",
            "makeSigstoreAttester",
            "makeSigstoreVerifier",
            "publish"
          ]
        },
        {
          "runtime": "v24.3.0",
          "bun": "1.3.14",
          "sends": 1,
          "events": 4,
          "outcome": "Satisfied",
          "package": "@mannyc1/ts-release-npm",
          "exports": [
            "Authorization",
            "DistTagIntent",
            "GitHubActionsProvenance",
            "NoProvenance",
            "PackageCandidate",
            "PackageMetadata",
            "PrivatePackage",
            "Provenance",
            "ProvenanceSource",
            "PublicPackage",
            "PublishIntent",
            "TokenAuthorization",
            "TrustedAuthorization",
            "author",
            "authorizeToken",
            "authorizeTrusted",
            "createProvenance",
            "definitions",
            "distTag",
            "inspectTarball",
            "makeSigstoreAttester",
            "makeSigstoreVerifier",
            "publish"
          ]
        },
        {
          "runtime": "v24.3.0",
          "bun": "1.3.14",
          "sends": 1,
          "events": 4,
          "outcome": "Satisfied",
          "package": "@mannyc1/ts-release-pypi",
          "exports": [
            "Authorization",
            "DistTagIntent",
            "GitHubActionsProvenance",
            "NoProvenance",
            "PackageCandidate",
            "PackageMetadata",
            "PrivatePackage",
            "Provenance",
            "ProvenanceSource",
            "PublicPackage",
            "PublishIntent",
            "TokenAuthorization",
            "TrustedAuthorization",
            "author",
            "authorizeToken",
            "authorizeTrusted",
            "createProvenance",
            "definitions",
            "distTag",
            "inspectTarball",
            "makeSigstoreAttester",
            "makeSigstoreVerifier",
            "publish"
          ]
        },
        {
          "runtime": "v22.22.2",
          "bun": null,
          "sends": 4,
          "events": 20,
          "outcome": "Satisfied",
          "nativeMetadataControls": 82,
          "exports": [
            "Authorization",
            "Compatible",
            "DistributionMetadata",
            "Endpoint",
            "PyPi",
            "SdistUpload",
            "TestPyPi",
            "TokenAuthorization",
            "TrustedAuthorization",
            "UploadIntent",
            "WheelUpload",
            "author",
            "authorizeToken",
            "authorizeTrusted",
            "definitions",
            "inspectDistribution",
            "normalizeProject",
            "upload"
          ]
        },
        {
          "runtime": "v24.3.0",
          "bun": "1.3.14",
          "sends": 4,
          "events": 20,
          "outcome": "Satisfied",
          "nativeMetadataControls": 82,
          "exports": [
            "Authorization",
            "Compatible",
            "DistributionMetadata",
            "Endpoint",
            "PyPi",
            "SdistUpload",
            "TestPyPi",
            "TokenAuthorization",
            "TrustedAuthorization",
            "UploadIntent",
            "WheelUpload",
            "author",
            "authorizeToken",
            "authorizeTrusted",
            "definitions",
            "inspectDistribution",
            "normalizeProject",
            "upload"
          ]
        }
      ]
    },
    {
      "manager": "npm",
      "strictDeclarations": true,
      "exactArchiveFiles": true,
      "optionalPeersAbsent": true,
      "runtimes": [
        {
          "runtime": "v22.22.2",
          "bun": null,
          "sends": 1,
          "events": 4,
          "outcome": "Satisfied",
          "package": "@fixture/packed-npm",
          "exports": [
            "Authorization",
            "DistTagIntent",
            "GitHubActionsProvenance",
            "NoProvenance",
            "PackageCandidate",
            "PackageMetadata",
            "PrivatePackage",
            "Provenance",
            "ProvenanceSource",
            "PublicPackage",
            "PublishIntent",
            "TokenAuthorization",
            "TrustedAuthorization",
            "author",
            "authorizeToken",
            "authorizeTrusted",
            "createProvenance",
            "definitions",
            "distTag",
            "inspectTarball",
            "makeSigstoreAttester",
            "makeSigstoreVerifier",
            "publish"
          ]
        },
        {
          "runtime": "v22.22.2",
          "bun": null,
          "sends": 1,
          "events": 4,
          "outcome": "Satisfied",
          "package": "@mannyc1/ts-release",
          "exports": [
            "Authorization",
            "DistTagIntent",
            "GitHubActionsProvenance",
            "NoProvenance",
            "PackageCandidate",
            "PackageMetadata",
            "PrivatePackage",
            "Provenance",
            "ProvenanceSource",
            "PublicPackage",
            "PublishIntent",
            "TokenAuthorization",
            "TrustedAuthorization",
            "author",
            "authorizeToken",
            "authorizeTrusted",
            "createProvenance",
            "definitions",
            "distTag",
            "inspectTarball",
            "makeSigstoreAttester",
            "makeSigstoreVerifier",
            "publish"
          ]
        },
        {
          "runtime": "v22.22.2",
          "bun": null,
          "sends": 1,
          "events": 4,
          "outcome": "Satisfied",
          "package": "@mannyc1/ts-release-npm",
          "exports": [
            "Authorization",
            "DistTagIntent",
            "GitHubActionsProvenance",
            "NoProvenance",
            "PackageCandidate",
            "PackageMetadata",
            "PrivatePackage",
            "Provenance",
            "ProvenanceSource",
            "PublicPackage",
            "PublishIntent",
            "TokenAuthorization",
            "TrustedAuthorization",
            "author",
            "authorizeToken",
            "authorizeTrusted",
            "createProvenance",
            "definitions",
            "distTag",
            "inspectTarball",
            "makeSigstoreAttester",
            "makeSigstoreVerifier",
            "publish"
          ]
        },
        {
          "runtime": "v22.22.2",
          "bun": null,
          "sends": 1,
          "events": 4,
          "outcome": "Satisfied",
          "package": "@mannyc1/ts-release-pypi",
          "exports": [
            "Authorization",
            "DistTagIntent",
            "GitHubActionsProvenance",
            "NoProvenance",
            "PackageCandidate",
            "PackageMetadata",
            "PrivatePackage",
            "Provenance",
            "ProvenanceSource",
            "PublicPackage",
            "PublishIntent",
            "TokenAuthorization",
            "TrustedAuthorization",
            "author",
            "authorizeToken",
            "authorizeTrusted",
            "createProvenance",
            "definitions",
            "distTag",
            "inspectTarball",
            "makeSigstoreAttester",
            "makeSigstoreVerifier",
            "publish"
          ]
        },
        {
          "runtime": "v24.3.0",
          "bun": "1.3.14",
          "sends": 1,
          "events": 4,
          "outcome": "Satisfied",
          "package": "@fixture/packed-npm",
          "exports": [
            "Authorization",
            "DistTagIntent",
            "GitHubActionsProvenance",
            "NoProvenance",
            "PackageCandidate",
            "PackageMetadata",
            "PrivatePackage",
            "Provenance",
            "ProvenanceSource",
            "PublicPackage",
            "PublishIntent",
            "TokenAuthorization",
            "TrustedAuthorization",
            "author",
            "authorizeToken",
            "authorizeTrusted",
            "createProvenance",
            "definitions",
            "distTag",
            "inspectTarball",
            "makeSigstoreAttester",
            "makeSigstoreVerifier",
            "publish"
          ]
        },
        {
          "runtime": "v24.3.0",
          "bun": "1.3.14",
          "sends": 1,
          "events": 4,
          "outcome": "Satisfied",
          "package": "@mannyc1/ts-release",
          "exports": [
            "Authorization",
            "DistTagIntent",
            "GitHubActionsProvenance",
            "NoProvenance",
            "PackageCandidate",
            "PackageMetadata",
            "PrivatePackage",
            "Provenance",
            "ProvenanceSource",
            "PublicPackage",
            "PublishIntent",
            "TokenAuthorization",
            "TrustedAuthorization",
            "author",
            "authorizeToken",
            "authorizeTrusted",
            "createProvenance",
            "definitions",
            "distTag",
            "inspectTarball",
            "makeSigstoreAttester",
            "makeSigstoreVerifier",
            "publish"
          ]
        },
        {
          "runtime": "v24.3.0",
          "bun": "1.3.14",
          "sends": 1,
          "events": 4,
          "outcome": "Satisfied",
          "package": "@mannyc1/ts-release-npm",
          "exports": [
            "Authorization",
            "DistTagIntent",
            "GitHubActionsProvenance",
            "NoProvenance",
            "PackageCandidate",
            "PackageMetadata",
            "PrivatePackage",
            "Provenance",
            "ProvenanceSource",
            "PublicPackage",
            "PublishIntent",
            "TokenAuthorization",
            "TrustedAuthorization",
            "author",
            "authorizeToken",
            "authorizeTrusted",
            "createProvenance",
            "definitions",
            "distTag",
            "inspectTarball",
            "makeSigstoreAttester",
            "makeSigstoreVerifier",
            "publish"
          ]
        },
        {
          "runtime": "v24.3.0",
          "bun": "1.3.14",
          "sends": 1,
          "events": 4,
          "outcome": "Satisfied",
          "package": "@mannyc1/ts-release-pypi",
          "exports": [
            "Authorization",
            "DistTagIntent",
            "GitHubActionsProvenance",
            "NoProvenance",
            "PackageCandidate",
            "PackageMetadata",
            "PrivatePackage",
            "Provenance",
            "ProvenanceSource",
            "PublicPackage",
            "PublishIntent",
            "TokenAuthorization",
            "TrustedAuthorization",
            "author",
            "authorizeToken",
            "authorizeTrusted",
            "createProvenance",
            "definitions",
            "distTag",
            "inspectTarball",
            "makeSigstoreAttester",
            "makeSigstoreVerifier",
            "publish"
          ]
        },
        {
          "runtime": "v22.22.2",
          "bun": null,
          "sends": 4,
          "events": 20,
          "outcome": "Satisfied",
          "nativeMetadataControls": 82,
          "exports": [
            "Authorization",
            "Compatible",
            "DistributionMetadata",
            "Endpoint",
            "PyPi",
            "SdistUpload",
            "TestPyPi",
            "TokenAuthorization",
            "TrustedAuthorization",
            "UploadIntent",
            "WheelUpload",
            "author",
            "authorizeToken",
            "authorizeTrusted",
            "definitions",
            "inspectDistribution",
            "normalizeProject",
            "upload"
          ]
        },
        {
          "runtime": "v24.3.0",
          "bun": "1.3.14",
          "sends": 4,
          "events": 20,
          "outcome": "Satisfied",
          "nativeMetadataControls": 82,
          "exports": [
            "Authorization",
            "Compatible",
            "DistributionMetadata",
            "Endpoint",
            "PyPi",
            "SdistUpload",
            "TestPyPi",
            "TokenAuthorization",
            "TrustedAuthorization",
            "UploadIntent",
            "WheelUpload",
            "author",
            "authorizeToken",
            "authorizeTrusted",
            "definitions",
            "inspectDistribution",
            "normalizeProject",
            "upload"
          ]
        }
      ]
    }
  ]
}
