$ bun tools/architecture-lab/verify.mjs && bun tools/architecture-lab/project.ts --check && bun scripts/check-architecture-ancestry.ts && bun scripts/check-migration-execution.ts && bun scripts/check-architecture-budget.ts --accept-recorded-planning-variance
{"integrity":"verified","selected":69,"propositions":226,"obligations":"16/14/25/9/6/9","mode":"check","files":266,"productionAcceptance":false}
{
  "status": "checked-proposal",
  "selectedTopology": "T3c",
  "alternatives": [
    "T1",
    "T2",
    "T3",
    "T3c"
  ],
  "logicalSurfaces": 15,
  "publicSymbols": 309,
  "resolvedSuccessors": 29,
  "modulesPerAlternative": 82
}

Ancestry verified: PR21 included; PR22 and overlay remain evidence donors
{"wave":"W01","retiredFiles":51,"deletedLines":10318,"nativeCarryForwardOpen":["W05","W06","W08","W09","W10"]}
{"wave":"W02","retiredFiles":1,"deletedLines":525,"nativeCarryForwardOpen":[]}
{"wave":"W03","retiredFiles":2,"deletedLines":494,"nativeCarryForwardOpen":[]}
{"wave":"W04","retiredFiles":1,"deletedLines":1083,"nativeCarryForwardOpen":["W05","W10"]}
{
  "baseline": 22971,
  "ceiling": 11485,
  "wave": "W04",
  "replacementTripwire": 6200,
  "counts": {
    "product": 13747,
    "unchangedLegacy": 5856,
    "replacement": 7891,
    "metadata": 527,
    "productData": 789,
    "productDataBytes": 15973,
    "tests": 39457,
    "fixtureText": 5272,
    "fixtureBinaryBytes": 727372,
    "generatedDelivery": 678,
    "tooling": 44599
  },
  "planningTripwirePassed": false,
  "planningVarianceAccepted": true,
  "replacementSha256": "db8a503ffd3e2edd605d04294fbdfe217be00907d1ebbca6c74a438900643faf",
  "achievedReduction": false,
  "productAndDataLines": 14536
}
