$ bun tools/architecture-lab/verify.mjs && bun tools/architecture-lab/project.ts --check && bun scripts/check-architecture-ancestry.ts && bun scripts/check-migration-execution.ts && bun scripts/check-architecture-budget.ts --accept-recorded-planning-variance
{"integrity":"verified","selected":69,"propositions":226,"obligations":"16/14/25/9/6/9","mode":"check","files":276,"productionAcceptance":false}
{
  "status": "checked-proposal",
  "selectedTopology": "T3c",
  "alternatives": [
    "T1",
    "T2",
    "T3",
    "T3c"
  ],
  "logicalSurfaces": 15,
  "publicSymbols": 309,
  "resolvedSuccessors": 29,
  "modulesPerAlternative": 88
}

Ancestry verified: PR21 included; PR22 and overlay remain evidence donors
{"wave":"W01","retiredFiles":51,"deletedLines":10318,"nativeCarryForwardOpen":["W06","W08","W09","W10"]}
{"wave":"W02","retiredFiles":1,"deletedLines":525,"nativeCarryForwardOpen":[]}
{"wave":"W03","retiredFiles":2,"deletedLines":494,"nativeCarryForwardOpen":[]}
{"wave":"W04","retiredFiles":1,"deletedLines":1083,"nativeCarryForwardOpen":["W10"]}
{"wave":"W05","retiredFiles":1,"deletedLines":954,"nativeCarryForwardOpen":["W10"]}
{
  "baseline": 22971,
  "ceiling": 11485,
  "wave": "W05",
  "replacementTripwire": 7750,
  "counts": {
    "product": 14355,
    "unchangedLegacy": 4902,
    "replacement": 9453,
    "metadata": 569,
    "productData": 789,
    "productDataBytes": 15973,
    "tests": 41450,
    "fixtureText": 5756,
    "fixtureBinaryBytes": 727372,
    "generatedDelivery": 678,
    "tooling": 44627
  },
  "planningTripwirePassed": false,
  "planningVarianceAccepted": true,
  "replacementSha256": "553b2056fec2462de4e95c05de485e92b263185df2d3fed70d6ffc41d7ec458f",
  "achievedReduction": false,
  "productAndDataLines": 15144
}
