{
  "work": "/tmp/ts-release-packed-npm-NJORCA",
  "archives": [
    {
      "owner": "ts-release",
      "archive": "/tmp/ts-release-packed-npm-NJORCA/ts-release.tgz",
      "sha256": "574ba2572a653e656c54e2eb663daca8294b42d3481ca11802d17d0e15c092b6"
    },
    {
      "owner": "npm",
      "archive": "/tmp/ts-release-packed-npm-NJORCA/npm.tgz",
      "sha256": "053bf834521a5e63d4606a844ba58e53d18b552d6c896a6a11cea59da7cac335"
    },
    {
      "owner": "pypi",
      "archive": "/tmp/ts-release-packed-npm-NJORCA/pypi.tgz",
      "sha256": "c64c29a4a401938226fe2b8d7e9ba0b687700ced98b6ed796da3262c1f80bc2a"
    },
    {
      "owner": "github",
      "archive": "/tmp/ts-release-packed-npm-NJORCA/github.tgz",
      "sha256": "be3a97f987401cd41cc4ded61bc76dbc2089f2c14dea14649759af301787d61b"
    }
  ],
  "outcomes": [
    {
      "manager": "bun",
      "strictDeclarations": true,
      "exactArchiveFiles": true,
      "optionalPeersAbsent": true,
      "runtimes": [
        {
          "runtime": "v22.22.2",
          "bun": null,
          "sends": 1,
          "events": 4,
          "outcome": "Satisfied",
          "package": "@fixture/packed-npm",
          "exports": [
            "Authorization",
            "DistTagIntent",
            "GitHubActionsProvenance",
            "NoProvenance",
            "PackageCandidate",
            "PackageMetadata",
            "PrivatePackage",
            "Provenance",
            "ProvenanceSource",
            "PublicPackage",
            "PublishIntent",
            "TokenAuthorization",
            "TrustedAuthorization",
            "author",
            "authorizeToken",
            "authorizeTrusted",
            "createProvenance",
            "definitions",
            "distTag",
            "inspectTarball",
            "makeSigstoreAttester",
            "makeSigstoreVerifier",
            "publish"
          ]
        },
        {
          "runtime": "v22.22.2",
          "bun": null,
          "sends": 1,
          "events": 4,
          "outcome": "Satisfied",
          "package": "@mannyc1/ts-release",
          "exports": [
            "Authorization",
            "DistTagIntent",
            "GitHubActionsProvenance",
            "NoProvenance",
            "PackageCandidate",
            "PackageMetadata",
            "PrivatePackage",
            "Provenance",
            "ProvenanceSource",
            "PublicPackage",
            "PublishIntent",
            "TokenAuthorization",
            "TrustedAuthorization",
            "author",
            "authorizeToken",
            "authorizeTrusted",
            "createProvenance",
            "definitions",
            "distTag",
            "inspectTarball",
            "makeSigstoreAttester",
            "makeSigstoreVerifier",
            "publish"
          ]
        },
        {
          "runtime": "v22.22.2",
          "bun": null,
          "sends": 1,
          "events": 4,
          "outcome": "Satisfied",
          "package": "@mannyc1/ts-release-npm",
          "exports": [
            "Authorization",
            "DistTagIntent",
            "GitHubActionsProvenance",
            "NoProvenance",
            "PackageCandidate",
            "PackageMetadata",
            "PrivatePackage",
            "Provenance",
            "ProvenanceSource",
            "PublicPackage",
            "PublishIntent",
            "TokenAuthorization",
            "TrustedAuthorization",
            "author",
            "authorizeToken",
            "authorizeTrusted",
            "createProvenance",
            "definitions",
            "distTag",
            "inspectTarball",
            "makeSigstoreAttester",
            "makeSigstoreVerifier",
            "publish"
          ]
        },
        {
          "runtime": "v22.22.2",
          "bun": null,
          "sends": 1,
          "events": 4,
          "outcome": "Satisfied",
          "package": "@mannyc1/ts-release-pypi",
          "exports": [
            "Authorization",
            "DistTagIntent",
            "GitHubActionsProvenance",
            "NoProvenance",
            "PackageCandidate",
            "PackageMetadata",
            "PrivatePackage",
            "Provenance",
            "ProvenanceSource",
            "PublicPackage",
            "PublishIntent",
            "TokenAuthorization",
            "TrustedAuthorization",
            "author",
            "authorizeToken",
            "authorizeTrusted",
            "createProvenance",
            "definitions",
            "distTag",
            "inspectTarball",
            "makeSigstoreAttester",
            "makeSigstoreVerifier",
            "publish"
          ]
        },
        {
          "runtime": "v22.22.2",
          "bun": null,
          "sends": 1,
          "events": 4,
          "outcome": "Satisfied",
          "package": "@mannyc1/ts-release-github",
          "exports": [
            "Authorization",
            "DistTagIntent",
            "GitHubActionsProvenance",
            "NoProvenance",
            "PackageCandidate",
            "PackageMetadata",
            "PrivatePackage",
            "Provenance",
            "ProvenanceSource",
            "PublicPackage",
            "PublishIntent",
            "TokenAuthorization",
            "TrustedAuthorization",
            "author",
            "authorizeToken",
            "authorizeTrusted",
            "createProvenance",
            "definitions",
            "distTag",
            "inspectTarball",
            "makeSigstoreAttester",
            "makeSigstoreVerifier",
            "publish"
          ]
        },
        {
          "runtime": "v24.3.0",
          "bun": "1.3.14",
          "sends": 1,
          "events": 4,
          "outcome": "Satisfied",
          "package": "@fixture/packed-npm",
          "exports": [
            "Authorization",
            "DistTagIntent",
            "GitHubActionsProvenance",
            "NoProvenance",
            "PackageCandidate",
            "PackageMetadata",
            "PrivatePackage",
            "Provenance",
            "ProvenanceSource",
            "PublicPackage",
            "PublishIntent",
            "TokenAuthorization",
            "TrustedAuthorization",
            "author",
            "authorizeToken",
            "authorizeTrusted",
            "createProvenance",
            "definitions",
            "distTag",
            "inspectTarball",
            "makeSigstoreAttester",
            "makeSigstoreVerifier",
            "publish"
          ]
        },
        {
          "runtime": "v24.3.0",
          "bun": "1.3.14",
          "sends": 1,
          "events": 4,
          "outcome": "Satisfied",
          "package": "@mannyc1/ts-release",
          "exports": [
            "Authorization",
            "DistTagIntent",
            "GitHubActionsProvenance",
            "NoProvenance",
            "PackageCandidate",
            "PackageMetadata",
            "PrivatePackage",
            "Provenance",
            "ProvenanceSource",
            "PublicPackage",
            "PublishIntent",
            "TokenAuthorization",
            "TrustedAuthorization",
            "author",
            "authorizeToken",
            "authorizeTrusted",
            "createProvenance",
            "definitions",
            "distTag",
            "inspectTarball",
            "makeSigstoreAttester",
            "makeSigstoreVerifier",
            "publish"
          ]
        },
        {
          "runtime": "v24.3.0",
          "bun": "1.3.14",
          "sends": 1,
          "events": 4,
          "outcome": "Satisfied",
          "package": "@mannyc1/ts-release-npm",
          "exports": [
            "Authorization",
            "DistTagIntent",
            "GitHubActionsProvenance",
            "NoProvenance",
            "PackageCandidate",
            "PackageMetadata",
            "PrivatePackage",
            "Provenance",
            "ProvenanceSource",
            "PublicPackage",
            "PublishIntent",
            "TokenAuthorization",
            "TrustedAuthorization",
            "author",
            "authorizeToken",
            "authorizeTrusted",
            "createProvenance",
            "definitions",
            "distTag",
            "inspectTarball",
            "makeSigstoreAttester",
            "makeSigstoreVerifier",
            "publish"
          ]
        },
        {
          "runtime": "v24.3.0",
          "bun": "1.3.14",
          "sends": 1,
          "events": 4,
          "outcome": "Satisfied",
          "package": "@mannyc1/ts-release-pypi",
          "exports": [
            "Authorization",
            "DistTagIntent",
            "GitHubActionsProvenance",
            "NoProvenance",
            "PackageCandidate",
            "PackageMetadata",
            "PrivatePackage",
            "Provenance",
            "ProvenanceSource",
            "PublicPackage",
            "PublishIntent",
            "TokenAuthorization",
            "TrustedAuthorization",
            "author",
            "authorizeToken",
            "authorizeTrusted",
            "createProvenance",
            "definitions",
            "distTag",
            "inspectTarball",
            "makeSigstoreAttester",
            "makeSigstoreVerifier",
            "publish"
          ]
        },
        {
          "runtime": "v24.3.0",
          "bun": "1.3.14",
          "sends": 1,
          "events": 4,
          "outcome": "Satisfied",
          "package": "@mannyc1/ts-release-github",
          "exports": [
            "Authorization",
            "DistTagIntent",
            "GitHubActionsProvenance",
            "NoProvenance",
            "PackageCandidate",
            "PackageMetadata",
            "PrivatePackage",
            "Provenance",
            "ProvenanceSource",
            "PublicPackage",
            "PublishIntent",
            "TokenAuthorization",
            "TrustedAuthorization",
            "author",
            "authorizeToken",
            "authorizeTrusted",
            "createProvenance",
            "definitions",
            "distTag",
            "inspectTarball",
            "makeSigstoreAttester",
            "makeSigstoreVerifier",
            "publish"
          ]
        },
        {
          "runtime": "v22.22.2",
          "bun": null,
          "sends": 4,
          "events": 20,
          "outcome": "Satisfied",
          "nativeMetadataControls": 82,
          "exports": [
            "Authorization",
            "Compatible",
            "DistributionMetadata",
            "Endpoint",
            "PyPi",
            "SdistUpload",
            "TestPyPi",
            "TokenAuthorization",
            "TrustedAuthorization",
            "UploadIntent",
            "WheelUpload",
            "author",
            "authorizeToken",
            "authorizeTrusted",
            "definitions",
            "inspectDistribution",
            "normalizeProject",
            "upload"
          ]
        },
        {
          "runtime": "v24.3.0",
          "bun": "1.3.14",
          "sends": 4,
          "events": 20,
          "outcome": "Satisfied",
          "nativeMetadataControls": 82,
          "exports": [
            "Authorization",
            "Compatible",
            "DistributionMetadata",
            "Endpoint",
            "PyPi",
            "SdistUpload",
            "TestPyPi",
            "TokenAuthorization",
            "TrustedAuthorization",
            "UploadIntent",
            "WheelUpload",
            "author",
            "authorizeToken",
            "authorizeTrusted",
            "definitions",
            "inspectDistribution",
            "normalizeProject",
            "upload"
          ]
        },
        {
          "runtime": "Node22.22.2",
          "provider": "github",
          "cases": 4,
          "providers": 6,
          "strictGraph": true,
          "ownedFiles": 3,
          "transportPrepared": 4,
          "mutationCount": 0,
          "limits": "Packed public authoring, Plan loading and real transport preparation; hosted mutation acceptance is separate"
        },
        {
          "runtime": "Bun1.3.14",
          "provider": "github",
          "cases": 4,
          "providers": 6,
          "strictGraph": true,
          "ownedFiles": 3,
          "transportPrepared": 4,
          "mutationCount": 0,
          "limits": "Packed public authoring, Plan loading and real transport preparation; hosted mutation acceptance is separate"
        },
        {
          "runtime": "v22.22.2",
          "assertions": 15
        },
        {
          "runtime": "v22.22.2",
          "bun": null,
          "assertions": 15,
          "scenarios": 7
        },
        {
          "runtime": "v22.22.2",
          "bun": null,
          "assertions": 12,
          "writes": 3
        },
        {
          "runtime": "v24.3.0",
          "assertions": 15
        },
        {
          "runtime": "v24.3.0",
          "bun": "1.3.14",
          "assertions": 15,
          "scenarios": 7
        },
        {
          "runtime": "v24.3.0",
          "bun": "1.3.14",
          "assertions": 12,
          "writes": 3
        }
      ]
    },
    {
      "manager": "npm",
      "strictDeclarations": true,
      "exactArchiveFiles": true,
      "optionalPeersAbsent": true,
      "runtimes": [
        {
          "runtime": "v22.22.2",
          "bun": null,
          "sends": 1,
          "events": 4,
          "outcome": "Satisfied",
          "package": "@fixture/packed-npm",
          "exports": [
            "Authorization",
            "DistTagIntent",
            "GitHubActionsProvenance",
            "NoProvenance",
            "PackageCandidate",
            "PackageMetadata",
            "PrivatePackage",
            "Provenance",
            "ProvenanceSource",
            "PublicPackage",
            "PublishIntent",
            "TokenAuthorization",
            "TrustedAuthorization",
            "author",
            "authorizeToken",
            "authorizeTrusted",
            "createProvenance",
            "definitions",
            "distTag",
            "inspectTarball",
            "makeSigstoreAttester",
            "makeSigstoreVerifier",
            "publish"
          ]
        },
        {
          "runtime": "v22.22.2",
          "bun": null,
          "sends": 1,
          "events": 4,
          "outcome": "Satisfied",
          "package": "@mannyc1/ts-release",
          "exports": [
            "Authorization",
            "DistTagIntent",
            "GitHubActionsProvenance",
            "NoProvenance",
            "PackageCandidate",
            "PackageMetadata",
            "PrivatePackage",
            "Provenance",
            "ProvenanceSource",
            "PublicPackage",
            "PublishIntent",
            "TokenAuthorization",
            "TrustedAuthorization",
            "author",
            "authorizeToken",
            "authorizeTrusted",
            "createProvenance",
            "definitions",
            "distTag",
            "inspectTarball",
            "makeSigstoreAttester",
            "makeSigstoreVerifier",
            "publish"
          ]
        },
        {
          "runtime": "v22.22.2",
          "bun": null,
          "sends": 1,
          "events": 4,
          "outcome": "Satisfied",
          "package": "@mannyc1/ts-release-npm",
          "exports": [
            "Authorization",
            "DistTagIntent",
            "GitHubActionsProvenance",
            "NoProvenance",
            "PackageCandidate",
            "PackageMetadata",
            "PrivatePackage",
            "Provenance",
            "ProvenanceSource",
            "PublicPackage",
            "PublishIntent",
            "TokenAuthorization",
            "TrustedAuthorization",
            "author",
            "authorizeToken",
            "authorizeTrusted",
            "createProvenance",
            "definitions",
            "distTag",
            "inspectTarball",
            "makeSigstoreAttester",
            "makeSigstoreVerifier",
            "publish"
          ]
        },
        {
          "runtime": "v22.22.2",
          "bun": null,
          "sends": 1,
          "events": 4,
          "outcome": "Satisfied",
          "package": "@mannyc1/ts-release-pypi",
          "exports": [
            "Authorization",
            "DistTagIntent",
            "GitHubActionsProvenance",
            "NoProvenance",
            "PackageCandidate",
            "PackageMetadata",
            "PrivatePackage",
            "Provenance",
            "ProvenanceSource",
            "PublicPackage",
            "PublishIntent",
            "TokenAuthorization",
            "TrustedAuthorization",
            "author",
            "authorizeToken",
            "authorizeTrusted",
            "createProvenance",
            "definitions",
            "distTag",
            "inspectTarball",
            "makeSigstoreAttester",
            "makeSigstoreVerifier",
            "publish"
          ]
        },
        {
          "runtime": "v22.22.2",
          "bun": null,
          "sends": 1,
          "events": 4,
          "outcome": "Satisfied",
          "package": "@mannyc1/ts-release-github",
          "exports": [
            "Authorization",
            "DistTagIntent",
            "GitHubActionsProvenance",
            "NoProvenance",
            "PackageCandidate",
            "PackageMetadata",
            "PrivatePackage",
            "Provenance",
            "ProvenanceSource",
            "PublicPackage",
            "PublishIntent",
            "TokenAuthorization",
            "TrustedAuthorization",
            "author",
            "authorizeToken",
            "authorizeTrusted",
            "createProvenance",
            "definitions",
            "distTag",
            "inspectTarball",
            "makeSigstoreAttester",
            "makeSigstoreVerifier",
            "publish"
          ]
        },
        {
          "runtime": "v24.3.0",
          "bun": "1.3.14",
          "sends": 1,
          "events": 4,
          "outcome": "Satisfied",
          "package": "@fixture/packed-npm",
          "exports": [
            "Authorization",
            "DistTagIntent",
            "GitHubActionsProvenance",
            "NoProvenance",
            "PackageCandidate",
            "PackageMetadata",
            "PrivatePackage",
            "Provenance",
            "ProvenanceSource",
            "PublicPackage",
            "PublishIntent",
            "TokenAuthorization",
            "TrustedAuthorization",
            "author",
            "authorizeToken",
            "authorizeTrusted",
            "createProvenance",
            "definitions",
            "distTag",
            "inspectTarball",
            "makeSigstoreAttester",
            "makeSigstoreVerifier",
            "publish"
          ]
        },
        {
          "runtime": "v24.3.0",
          "bun": "1.3.14",
          "sends": 1,
          "events": 4,
          "outcome": "Satisfied",
          "package": "@mannyc1/ts-release",
          "exports": [
            "Authorization",
            "DistTagIntent",
            "GitHubActionsProvenance",
            "NoProvenance",
            "PackageCandidate",
            "PackageMetadata",
            "PrivatePackage",
            "Provenance",
            "ProvenanceSource",
            "PublicPackage",
            "PublishIntent",
            "TokenAuthorization",
            "TrustedAuthorization",
            "author",
            "authorizeToken",
            "authorizeTrusted",
            "createProvenance",
            "definitions",
            "distTag",
            "inspectTarball",
            "makeSigstoreAttester",
            "makeSigstoreVerifier",
            "publish"
          ]
        },
        {
          "runtime": "v24.3.0",
          "bun": "1.3.14",
          "sends": 1,
          "events": 4,
          "outcome": "Satisfied",
          "package": "@mannyc1/ts-release-npm",
          "exports": [
            "Authorization",
            "DistTagIntent",
            "GitHubActionsProvenance",
            "NoProvenance",
            "PackageCandidate",
            "PackageMetadata",
            "PrivatePackage",
            "Provenance",
            "ProvenanceSource",
            "PublicPackage",
            "PublishIntent",
            "TokenAuthorization",
            "TrustedAuthorization",
            "author",
            "authorizeToken",
            "authorizeTrusted",
            "createProvenance",
            "definitions",
            "distTag",
            "inspectTarball",
            "makeSigstoreAttester",
            "makeSigstoreVerifier",
            "publish"
          ]
        },
        {
          "runtime": "v24.3.0",
          "bun": "1.3.14",
          "sends": 1,
          "events": 4,
          "outcome": "Satisfied",
          "package": "@mannyc1/ts-release-pypi",
          "exports": [
            "Authorization",
            "DistTagIntent",
            "GitHubActionsProvenance",
            "NoProvenance",
            "PackageCandidate",
            "PackageMetadata",
            "PrivatePackage",
            "Provenance",
            "ProvenanceSource",
            "PublicPackage",
            "PublishIntent",
            "TokenAuthorization",
            "TrustedAuthorization",
            "author",
            "authorizeToken",
            "authorizeTrusted",
            "createProvenance",
            "definitions",
            "distTag",
            "inspectTarball",
            "makeSigstoreAttester",
            "makeSigstoreVerifier",
            "publish"
          ]
        },
        {
          "runtime": "v24.3.0",
          "bun": "1.3.14",
          "sends": 1,
          "events": 4,
          "outcome": "Satisfied",
          "package": "@mannyc1/ts-release-github",
          "exports": [
            "Authorization",
            "DistTagIntent",
            "GitHubActionsProvenance",
            "NoProvenance",
            "PackageCandidate",
            "PackageMetadata",
            "PrivatePackage",
            "Provenance",
            "ProvenanceSource",
            "PublicPackage",
            "PublishIntent",
            "TokenAuthorization",
            "TrustedAuthorization",
            "author",
            "authorizeToken",
            "authorizeTrusted",
            "createProvenance",
            "definitions",
            "distTag",
            "inspectTarball",
            "makeSigstoreAttester",
            "makeSigstoreVerifier",
            "publish"
          ]
        },
        {
          "runtime": "v22.22.2",
          "bun": null,
          "sends": 4,
          "events": 20,
          "outcome": "Satisfied",
          "nativeMetadataControls": 82,
          "exports": [
            "Authorization",
            "Compatible",
            "DistributionMetadata",
            "Endpoint",
            "PyPi",
            "SdistUpload",
            "TestPyPi",
            "TokenAuthorization",
            "TrustedAuthorization",
            "UploadIntent",
            "WheelUpload",
            "author",
            "authorizeToken",
            "authorizeTrusted",
            "definitions",
            "inspectDistribution",
            "normalizeProject",
            "upload"
          ]
        },
        {
          "runtime": "v24.3.0",
          "bun": "1.3.14",
          "sends": 4,
          "events": 20,
          "outcome": "Satisfied",
          "nativeMetadataControls": 82,
          "exports": [
            "Authorization",
            "Compatible",
            "DistributionMetadata",
            "Endpoint",
            "PyPi",
            "SdistUpload",
            "TestPyPi",
            "TokenAuthorization",
            "TrustedAuthorization",
            "UploadIntent",
            "WheelUpload",
            "author",
            "authorizeToken",
            "authorizeTrusted",
            "definitions",
            "inspectDistribution",
            "normalizeProject",
            "upload"
          ]
        },
        {
          "runtime": "Node22.22.2",
          "provider": "github",
          "cases": 4,
          "providers": 6,
          "strictGraph": true,
          "ownedFiles": 3,
          "transportPrepared": 4,
          "mutationCount": 0,
          "limits": "Packed public authoring, Plan loading and real transport preparation; hosted mutation acceptance is separate"
        },
        {
          "runtime": "Bun1.3.14",
          "provider": "github",
          "cases": 4,
          "providers": 6,
          "strictGraph": true,
          "ownedFiles": 3,
          "transportPrepared": 4,
          "mutationCount": 0,
          "limits": "Packed public authoring, Plan loading and real transport preparation; hosted mutation acceptance is separate"
        },
        {
          "runtime": "v22.22.2",
          "assertions": 15
        },
        {
          "runtime": "v22.22.2",
          "bun": null,
          "assertions": 15,
          "scenarios": 7
        },
        {
          "runtime": "v22.22.2",
          "bun": null,
          "assertions": 12,
          "writes": 3
        },
        {
          "runtime": "v24.3.0",
          "assertions": 15
        },
        {
          "runtime": "v24.3.0",
          "bun": "1.3.14",
          "assertions": 15,
          "scenarios": 7
        },
        {
          "runtime": "v24.3.0",
          "bun": "1.3.14",
          "assertions": 12,
          "writes": 3
        }
      ]
    }
  ]
}
