bun test v1.3.14 (0d9b296a)

test/reimplementation/kernel/cli.test.ts:
(pass) built shared CLI input, report, redaction and exit status: /home/cjpher/.local/share/fnm/node-versions/v22.22.2/installation/bin/node [1148.93ms]
(pass) shared CLI SIGINT awaits scoped cleanup: /home/cjpher/.local/share/fnm/node-versions/v22.22.2/installation/bin/node [173.52ms]
(pass) shared CLI SIGTERM awaits scoped cleanup: /home/cjpher/.local/share/fnm/node-versions/v22.22.2/installation/bin/node [170.22ms]
(pass) shared CLI native pipe cancellation and closed output: /home/cjpher/.local/share/fnm/node-versions/v22.22.2/installation/bin/node [1464.68ms]
(pass) built shared CLI input, report, redaction and exit status: /mnt/models/.bun/bin/bun [664.07ms]
(pass) shared CLI SIGINT awaits scoped cleanup: /mnt/models/.bun/bin/bun [118.37ms]
(pass) shared CLI SIGTERM awaits scoped cleanup: /mnt/models/.bun/bin/bun [108.44ms]
(pass) shared CLI native pipe cancellation and closed output: /mnt/models/.bun/bin/bun [5156.04ms]

test/reimplementation/kernel/application.test.ts:
(pass) application emits the complete derived report and closes its scope [40.58ms]
(pass) application rejects a foreign Bundle before any send and closes its scope [2.03ms]
(pass) application closes its scope on failure [0.70ms]
(pass) application closes its scope on interruption [0.57ms]
(pass) application loading rejects missing exports and redacts native import diagnostics [0.34ms]
(pass) application captures authority and host capabilities before asynchronous admission [8.22ms]
(pass) application cannot gain authorization from a retained caller alias [6.06ms]

 15 pass
 0 fail
 88 expect() calls
Ran 15 tests across 2 files. [9.16s]
