Processing /tmp/ts-release-producer-python-9m09hN/delivery/effect_build_uv_fixture-1.0.0-py3-none-any.whl
Installing collected packages: effect-build-uv-fixture
Successfully installed effect-build-uv-fixture-1.0.0
Processing /tmp/ts-release-producer-python-9m09hN/delivery/effect_build_uv_fixture-1.0.0.tar.gz
  Installing build dependencies: started
  Installing build dependencies: finished with status 'done'
  Getting requirements to build wheel: started
  Getting requirements to build wheel: finished with status 'done'
  Preparing metadata (pyproject.toml): started
  Preparing metadata (pyproject.toml): finished with status 'done'
Building wheels for collected packages: effect-build-uv-fixture
  Building wheel for effect-build-uv-fixture (pyproject.toml): started
  Building wheel for effect-build-uv-fixture (pyproject.toml): finished with status 'done'
  Created wheel for effect-build-uv-fixture: filename=effect_build_uv_fixture-1.0.0-py3-none-any.whl size=1395 sha256=bd3e0e2fee1f5c2cbeef026b6108df3ddaa3883bd21a2d8b904a856acf5ed9f5
  Stored in directory: /home/cjpher/.cache/pip/wheels/06/06/4c/2b6f0bbf1412e0cf1f54d89abfd7a960ad41ecda35205f69bf
Successfully built effect-build-uv-fixture
Installing collected packages: effect-build-uv-fixture
Successfully installed effect-build-uv-fixture-1.0.0
effect_build_uv_fixture:uv_build:wheel:ok
effect_build_uv_fixture:uv_build:sdist:ok
