{
  "checkedModules": 82,
  "actualStaticCycles": [],
  "dependencyMismatches": [
    {
      "module": "provider.npm.Model",
      "target": "kernel.Entry",
      "kind": "loading-mismatch",
      "actualTypeOnly": true,
      "declaredTypeOnly": false
    },
    {
      "module": "provider.npm.Model",
      "target": "kernel.Http",
      "kind": "declared-but-not-actual-static-edge"
    },
    {
      "module": "provider.npm.Protocol",
      "target": "kernel.Http",
      "kind": "loading-mismatch",
      "actualTypeOnly": true,
      "declaredTypeOnly": false
    },
    {
      "module": "provider.npm.Auth",
      "target": "kernel.Http",
      "kind": "loading-mismatch",
      "actualTypeOnly": true,
      "declaredTypeOnly": false
    },
    {
      "module": "provider.npm",
      "target": "kernel.Entry",
      "kind": "unlisted-direct-edge",
      "actualTypeOnly": true
    },
    {
      "module": "provider.npm",
      "target": "provider.npm.Native",
      "kind": "declared-but-not-actual-static-edge"
    },
    {
      "module": "provider.npm",
      "target": "provider.npm.Wire",
      "kind": "declared-but-not-actual-static-edge"
    },
    {
      "module": "provider.npm",
      "target": "provider.npm.Evidence",
      "kind": "declared-but-not-actual-static-edge"
    },
    {
      "module": "provider.warehouse.Protocol",
      "target": "kernel.Http",
      "kind": "loading-mismatch",
      "actualTypeOnly": true,
      "declaredTypeOnly": false
    },
    {
      "module": "provider.warehouse.Wire",
      "target": "provider.warehouse.Model",
      "kind": "loading-mismatch",
      "actualTypeOnly": true,
      "declaredTypeOnly": false
    },
    {
      "module": "provider.warehouse",
      "target": "provider.warehouse.Native",
      "kind": "declared-but-not-actual-static-edge"
    },
    {
      "module": "provider.warehouse",
      "target": "provider.warehouse.Wire",
      "kind": "declared-but-not-actual-static-edge"
    },
    {
      "module": "provider.warehouse",
      "target": "provider.warehouse.Evidence",
      "kind": "declared-but-not-actual-static-edge"
    },
    {
      "module": "provider.warehouse",
      "target": "provider.warehouse.Archive",
      "kind": "declared-but-not-actual-static-edge"
    },
    {
      "module": "provider.warehouse",
      "target": "provider.warehouse.Metadata",
      "kind": "declared-but-not-actual-static-edge"
    },
    {
      "module": "provider.warehouse",
      "target": "provider.warehouse.MetadataFields",
      "kind": "declared-but-not-actual-static-edge"
    },
    {
      "module": "provider.warehouse",
      "target": "provider.warehouse.Requirement",
      "kind": "declared-but-not-actual-static-edge"
    },
    {
      "module": "provider.warehouse",
      "target": "provider.warehouse.SpdxCatalog",
      "kind": "declared-but-not-actual-static-edge"
    },
    {
      "module": "provider.github.Auth",
      "target": "kernel.Http",
      "kind": "loading-mismatch",
      "actualTypeOnly": true,
      "declaredTypeOnly": false
    },
    {
      "module": "provider.github.Observe",
      "target": "kernel.Entry",
      "kind": "loading-mismatch",
      "actualTypeOnly": true,
      "declaredTypeOnly": false
    },
    {
      "module": "provider.github.Observe",
      "target": "kernel.Http",
      "kind": "loading-mismatch",
      "actualTypeOnly": true,
      "declaredTypeOnly": false
    },
    {
      "module": "provider.github.Protocol",
      "target": "kernel.Http",
      "kind": "loading-mismatch",
      "actualTypeOnly": true,
      "declaredTypeOnly": false
    },
    {
      "module": "provider.github",
      "target": "provider.github.Binding",
      "kind": "declared-but-not-actual-static-edge"
    },
    {
      "module": "provider.github",
      "target": "provider.github.Evidence",
      "kind": "declared-but-not-actual-static-edge"
    },
    {
      "module": "provider.github",
      "target": "provider.github.Native",
      "kind": "declared-but-not-actual-static-edge"
    },
    {
      "module": "provider.github",
      "target": "provider.github.Observe",
      "kind": "declared-but-not-actual-static-edge"
    },
    {
      "module": "provider.github",
      "target": "provider.github.Wire",
      "kind": "declared-but-not-actual-static-edge"
    }
  ],
  "apiChanges": [
    {
      "surface": "core.node",
      "removed": [],
      "added": [
        "nodeDirectoryReader"
      ]
    },
    {
      "surface": "core.bun",
      "removed": [],
      "added": [
        "nodeDirectoryReader"
      ]
    }
  ],
  "retirement": {
    "sourceCommit": "9b14c6c14aec5c5a41b2cb0f98d6f1c63bca4d3d",
    "files": 14,
    "lines": 1581,
    "declarations": 118,
    "retired": [
      {
        "path": "src/drivers/archive.ts",
        "lines": 111,
        "declarations": 12,
        "responsibility": "Actual effect-build deterministic ZIP/tar and exact Git-tree archives pass independent native bytes/listing/mode/execution oracles."
      },
      {
        "path": "src/drivers/contain.ts",
        "lines": 20,
        "declarations": 2,
        "responsibility": "Owned file/tree graph and bounded no-follow adoption supersede mutable workspace/glob helpers. The removed generic configuration grammar is outside the approved hard-cut API."
      },
      {
        "path": "src/drivers/environment.ts",
        "lines": 28,
        "declarations": 2,
        "responsibility": "Explicit producer tool Layers and shared bounded child lifecycle supersede configurable RunCommand. No old ts-release seccomp or upstream cross-runtime acquisition certification is inferred. Closed tool/environment/offline/cold/warm/corrupt qualification remains W10."
      },
      {
        "path": "src/drivers/errors.ts",
        "lines": 6,
        "declarations": 1,
        "responsibility": "Owned file/tree graph and bounded no-follow adoption supersede mutable workspace/glob helpers. The removed generic configuration grammar is outside the approved hard-cut API."
      },
      {
        "path": "src/drivers/glob.ts",
        "lines": 137,
        "declarations": 10,
        "responsibility": "Owned file/tree graph and bounded no-follow adoption supersede mutable workspace/glob helpers. The removed generic configuration grammar is outside the approved hard-cut API."
      },
      {
        "path": "src/drivers/process.ts",
        "lines": 339,
        "declarations": 19,
        "responsibility": "Explicit producer tool Layers and shared bounded child lifecycle supersede configurable RunCommand. No old ts-release seccomp or upstream cross-runtime acquisition certification is inferred. Closed tool/environment/offline/cold/warm/corrupt qualification remains W10."
      },
      {
        "path": "src/drivers/python-wheel.ts",
        "lines": 145,
        "declarations": 16,
        "responsibility": "Actual producer matrices/PEP517 production and PyPI archive metadata admission replace central drivers. Self-release embedded native wheel delivery is an explicit W10 application duty; pure-Python acceptance does not replace it."
      },
      {
        "path": "src/drivers/redact.ts",
        "lines": 31,
        "declarations": 4,
        "responsibility": "Explicit producer tool Layers and shared bounded child lifecycle supersede configurable RunCommand. No old ts-release seccomp or upstream cross-runtime acquisition certification is inferred. Closed tool/environment/offline/cold/warm/corrupt qualification remains W10."
      },
      {
        "path": "src/drivers/seccomp-helper-source.ts",
        "lines": 121,
        "declarations": 2,
        "responsibility": "Explicit producer tool Layers and shared bounded child lifecycle supersede configurable RunCommand. No old ts-release seccomp or upstream cross-runtime acquisition certification is inferred. Closed tool/environment/offline/cold/warm/corrupt qualification remains W10."
      },
      {
        "path": "src/drivers/utils.ts",
        "lines": 10,
        "declarations": 2,
        "responsibility": "Owned file/tree graph and bounded no-follow adoption supersede mutable workspace/glob helpers. The removed generic configuration grammar is outside the approved hard-cut API."
      },
      {
        "path": "src/drivers/workspace.ts",
        "lines": 46,
        "declarations": 4,
        "responsibility": "Owned file/tree graph and bounded no-follow adoption supersede mutable workspace/glob helpers. The removed generic configuration grammar is outside the approved hard-cut API."
      },
      {
        "path": "src/model/bun-targets.ts",
        "lines": 34,
        "declarations": 9,
        "responsibility": "Actual producer matrices/PEP517 production and PyPI archive metadata admission replace central drivers. Self-release embedded native wheel delivery is an explicit W10 application duty; pure-Python acceptance does not replace it."
      },
      {
        "path": "src/model/python-distribution.ts",
        "lines": 360,
        "declarations": 25,
        "responsibility": "Actual producer matrices/PEP517 production and PyPI archive metadata admission replace central drivers. Self-release embedded native wheel delivery is an explicit W10 application duty; pure-Python acceptance does not replace it."
      },
      {
        "path": "src/platform/source-observer.ts",
        "lines": 193,
        "declarations": 10,
        "responsibility": "Exact Git archive and owned source-tree bytes are established. Self-release verified commit/tree/dirty-check and application input binding remain W10, not certified by these source fixtures."
      }
    ]
  },
  "carryForward": [
    {
      "wave": "W10",
      "status": "open",
      "files": [
        "src/drivers/archive.ts",
        "src/drivers/contain.ts",
        "src/drivers/environment.ts",
        "src/drivers/errors.ts",
        "src/drivers/glob.ts",
        "src/drivers/process.ts",
        "src/drivers/python-wheel.ts",
        "src/drivers/redact.ts",
        "src/drivers/seccomp-helper-source.ts",
        "src/drivers/utils.ts",
        "src/drivers/workspace.ts",
        "src/model/bun-targets.ts",
        "src/model/python-distribution.ts",
        "src/platform/source-observer.ts"
      ],
      "responsibilities": [
        "Complete verified source/commit/tree/dirty-state/application-manifest binding through self-release Bundle/Plan/report.",
        "Implement selected actual self-release CLI and embedded-native Python wheel delivery, with native target/version/metadata acceptance.",
        "Qualify explicit producer tools/environments and admitted upstream cold/warm/corrupt/offline acquisition; deleted old seccomp runner is not still provided.",
        "Complete native macOS Apple build/sign/notary/Gatekeeper and Windows MSIX SDK/sign/install, exact hosted source records and final candidate certification."
      ]
    }
  ]
}
