Processing /tmp/ts-release-producer-python-6VI3uX/delivery/effect_build_poetry_fixture-1.0.0-py3-none-any.whl
Installing collected packages: effect-build-poetry-fixture
Successfully installed effect-build-poetry-fixture-1.0.0
Processing /tmp/ts-release-producer-python-6VI3uX/delivery/effect_build_poetry_fixture-1.0.0.tar.gz
  Installing build dependencies: started
  Installing build dependencies: finished with status 'done'
  Getting requirements to build wheel: started
  Getting requirements to build wheel: finished with status 'done'
  Preparing metadata (pyproject.toml): started
  Preparing metadata (pyproject.toml): finished with status 'done'
Building wheels for collected packages: effect-build-poetry-fixture
  Building wheel for effect-build-poetry-fixture (pyproject.toml): started
  Building wheel for effect-build-poetry-fixture (pyproject.toml): finished with status 'done'
  Created wheel for effect-build-poetry-fixture: filename=effect_build_poetry_fixture-1.0.0-py3-none-any.whl size=1194 sha256=0d554195b55d57f2d3f770ff308291dd485c8df1cccd88fcea8166383ac61305
  Stored in directory: /home/cjpher/.cache/pip/wheels/05/93/2e/a963822731f89d7142ae66ad41f7c0d350ee0ab10bf1e43ab7
Successfully built effect-build-poetry-fixture
Installing collected packages: effect-build-poetry-fixture
Successfully installed effect-build-poetry-fixture-1.0.0
effect_build_poetry_fixture:poetry-core:wheel:ok
effect_build_poetry_fixture:poetry-core:sdist:ok
