$ bun tools/architecture-lab/verify.mjs && bun tools/architecture-lab/project.ts --check && bun scripts/check-architecture-ancestry.ts && bun scripts/check-migration-execution.ts && bun scripts/check-architecture-budget.ts --accept-recorded-planning-variance
{"integrity":"verified","selected":69,"propositions":226,"obligations":"16/14/25/9/6/9","mode":"check","files":292,"productionAcceptance":false}
{
  "status": "checked-proposal",
  "selectedTopology": "T3c",
  "alternatives": [
    "T3c"
  ],
  "logicalSurfaces": 15,
  "publicSymbols": 311,
  "resolvedSuccessors": 29,
  "modulesPerAlternative": 92
}

Ancestry verified: PR21 included; PR22 and overlay remain evidence donors
{"wave":"W01","retiredFiles":51,"deletedLines":10318,"nativeCarryForwardOpen":["W08","W09","W10"]}
{"wave":"W02","retiredFiles":1,"deletedLines":525,"nativeCarryForwardOpen":[]}
{"wave":"W03","retiredFiles":2,"deletedLines":494,"nativeCarryForwardOpen":[]}
{"wave":"W04","retiredFiles":1,"deletedLines":1083,"nativeCarryForwardOpen":["W10"]}
{"wave":"W05","retiredFiles":1,"deletedLines":954,"nativeCarryForwardOpen":["W10"]}
{"wave":"W06","retiredFiles":2,"deletedLines":882,"nativeCarryForwardOpen":["W10"]}
{"wave":"W07","retiredFiles":0,"deletedLines":0,"nativeCarryForwardOpen":[]}
{"wave":"W08","retiredFiles":14,"deletedLines":1581,"nativeCarryForwardOpen":["W10"]}
{
  "baseline": 22971,
  "ceiling": 11485,
  "wave": "W08",
  "replacementTripwire": 9200,
  "counts": {
    "product": 13570,
    "unchangedLegacy": 2439,
    "replacement": 11131,
    "metadata": 640,
    "productData": 789,
    "productDataBytes": 15973,
    "tests": 47438,
    "fixtureText": 6138,
    "fixtureBinaryBytes": 727372,
    "generatedDelivery": 678,
    "tooling": 45541
  },
  "planningTripwirePassed": false,
  "planningVarianceAccepted": true,
  "replacementSha256": "56e377c3c469e0652b3aaab919d5c80b343732b1a04e53848cee61e48db17cb2",
  "achievedReduction": false,
  "productAndDataLines": 14359
}
