$ bun scripts/check-effect-build-integration.ts

test/reimplementation/artifacts/adoption.test.ts:
(pass) public restoration preserves owned modes and links, rejects corrupt reads and unsupported roots before publication [182.25ms]
(pass) actual finalized files and trees become path-free owned Bundle content before producer deletion [156.79ms]
(pass) adoption rejects source changes and forged identity while preserving the earlier owned copy [100.37ms]
(pass) invalid producer metadata, tree graph and capacity reject before destination or filesystem services [399.39ms]
(pass) source metadata aliases and content-owner mismatches cannot alter adopted identity [27.40ms]
(pass) verified tree snapshot cleanup retains readable permissions and closes private roots [135.08ms]
(pass) public artifact subtypes retain core identity while native class extensions remain outside Bundle ownership [296.30ms]

test/reimplementation/artifacts/adoption-races.test.ts:
(pass) native source/snapshot FIFO and symlink races reject and close: /home/cjpher/.local/share/fnm/node-versions/v22.22.2/installation/bin/node [373.26ms]
(pass) native source/snapshot FIFO and symlink races reject and close: /mnt/models/.bun/bin/bun [331.11ms]

test/reimplementation/artifacts/apple.test.ts:
(pass) Apple collection identity owns six exact native inputs and rejects changed roots or caller identities [320.14ms]
(pass) readonly nested app directories are removed after submit and final adoption without losing the submission ID [620.61ms]
(pass) six Apple preparations restore owned sources, persist submission IDs, reopen one SQLite journal and select assessed output Bundles [4193.50ms]

test/reimplementation/artifacts/checksums.test.ts:
(pass) Bundle-derived checksums match independent GNU bytes, Unicode ordering and strict native verification [18.40ms]

test/reimplementation/artifacts/directory.test.ts:
(pass) bounded directory enumeration and awaited interruption: /home/cjpher/.local/share/fnm/node-versions/v22.22.2/installation/bin/node [327.68ms]
(pass) bounded directory enumeration and awaited interruption: /mnt/models/.bun/bin/bun [326.70ms]

test/reimplementation/artifacts/apple-recovery.test.ts:
(pass) Apple captures dispatch capabilities before asynchronous input admission [293.57ms]
(pass) a lost Apple submit response stays Inconclusive across SQLite reopen without guessing or resubmitting [342.13ms]
(pass) publication requires every selected Apple output and accepts additional exact non-Apple files [872.26ms]

 18 pass
 0 fail
 159 expect() calls
Ran 18 tests across 6 files. [9.45s]
{"artifacts":{"work":"/tmp/ts-release-packed-artifacts-obArg9","kernelSha256":"eb038cb394139f069a0f937b72578f8f987705fae53e4210b0705ad2b7c723d9","cells":4,"commands":36},"apple":{"work":"/tmp/ts-release-packed-apple-UNYB6e","cells":4,"checks":120,"processes":48},"qualification":"Local real producer/packed consumer gates passed; native macOS/Windows and hosted acceptance remain separate required gates."}
